// Jest Snapshot v1, https://goo.gl/fbAQLP

exports[`SimpleContextSelector Renders without crashing 1`] = `
<ContextSelector
  className=""
  footer={null}
  isOpen={false}
  menuAppendTo="inline"
  onSearchButtonClick={[Function]}
  onSearchInputChange={[Function]}
  onSelect={[Function]}
  onToggle={[Function]}
  ouiaSafe={true}
  screenReaderLabel="Seleccione:"
  searchButtonAriaLabel="Search menu items"
  searchInputPlaceholder="Search"
  searchInputValue=""
  toggleText="ns1"
>
  <ContextSelectorItem
    className=""
    isDisabled={false}
    key="0"
    onClick={[Function]}
    sendRef={[Function]}
  >
    ns1
  </ContextSelectorItem>
  <ContextSelectorItem
    className=""
    isDisabled={false}
    key="1"
    onClick={[Function]}
    sendRef={[Function]}
  >
    ns2
  </ContextSelectorItem>
  <ContextSelectorItem
    className=""
    isDisabled={false}
    key="2"
    onClick={[Function]}
    sendRef={[Function]}
  >
    ns3
  </ContextSelectorItem>
</ContextSelector>
`;
