// Jest Snapshot v1, https://goo.gl/fbAQLP

exports[`SimplePageSection Renders without crashing 1`] = `
<PageSection
  variant="light"
>
  <Stack
    hasGutter={true}
  >
    <StackItem>
      <TextContent>
        <Text
          component="h1"
        >
          myTitle
        </Text>
      </TextContent>
    </StackItem>
  </Stack>
</PageSection>
`;
