// Jest Snapshot v1, https://goo.gl/fbAQLP

exports[`DeleteModalWithMatch Renders without crashing 1`] = `
<Modal
  actions={
    Array [
      <Button
        isDisabled={true}
        onClick={[Function]}
        variant="danger"
      >
        Eliminar
      </Button>,
      <Button
        onClick={[Function]}
        variant="link"
      >
        Cancelar
      </Button>,
    ]
  }
  appendTo={[Function]}
  aria-describedby=""
  aria-label="delete-with-match-modal"
  aria-labelledby=""
  className=""
  hasNoBodyWrapper={false}
  isOpen={true}
  onClose={[Function]}
  ouiaSafe={true}
  showClose={true}
  title="Delete modal title"
  titleIconVariant={null}
  titleLabel=""
  variant="small"
>
  <div
    className="pf-c-content"
  >
    <p>
      Are you sure you want to delete this?
    </p>
    <p>
      Escribe '
      delete
      ' para confirmar.
    </p>
    <TextInput
      aria-label="Text input match"
      autoComplete="off"
      id="matchText"
      name="matchText"
      onChange={[Function]}
      type="text"
      value=""
    />
  </div>
</Modal>
`;
