// Jest Snapshot v1, https://goo.gl/fbAQLP

exports[`CompanyContextSelectorSection Renders without crashing 1`] = `
<PageSection
  className="pageSection"
  variant="light"
>
  <div
    className="content"
  >
    content
  </div>
  <Divider
    className="contentBottomDivider"
  />
</PageSection>
`;
