// Jest Snapshot v1, https://goo.gl/fbAQLP

exports[`Storyshots Components / AppPlaceholder Basic 1`] = `
<div
  className="pf-l-bullseye"
>
  <div
    className="pf-u-display-flex pf-u-flex-direction-column"
  >
    <div>
      <span
        aria-valuetext="Loading..."
        className="pf-c-spinner pf-m-xl"
        role="progressbar"
      >
        <span
          className="pf-c-spinner__clipper"
        />
        <span
          className="pf-c-spinner__lead-ball"
        />
        <span
          className="pf-c-spinner__tail-ball"
        />
      </span>
    </div>
    <div
      className="pf-c-content"
    >
      <h3>
        Loading...
      </h3>
    </div>
  </div>
</div>
`;
